[run_all 06:49:09] RUN transcribe large-v3_vadon_promptnone_condtrue ...
[info] loading model=large-v3 device=cuda compute_type=float16
[info] model loaded in 4.6s
[info] transcribing D:/Development/Personal/VerseSync/assets/test/03-Pastor Lapel-260927_0935.wav
[progress] segment end=4537.4s audio, 24.6s wall
[progress] segment end=4598.1s audio, 28.5s wall
[progress] segment end=4661.5s audio, 32.0s wall
[progress] segment end=4722.2s audio, 35.3s wall
[progress] segment end=4782.7s audio, 38.7s wall
[progress] segment end=4845.9s audio, 42.6s wall
[progress] segment end=4908.7s audio, 47.6s wall
[progress] segment end=4969.0s audio, 51.0s wall
[progress] segment end=5029.1s audio, 54.6s wall
[progress] segment end=5091.1s audio, 58.8s wall
[progress] segment end=5153.3s audio, 62.6s wall
[progress] segment end=5217.9s audio, 66.2s wall
[progress] segment end=5279.4s audio, 69.6s wall
[progress] segment end=5342.1s audio, 73.4s wall
[progress] segment end=5403.2s audio, 76.8s wall
[progress] segment end=5465.3s audio, 81.1s wall
[progress] segment end=5526.5s audio, 84.3s wall
[progress] segment end=5587.7s audio, 87.7s wall
[progress] segment end=5649.6s audio, 91.0s wall
[progress] segment end=5711.2s audio, 94.1s wall
[progress] segment end=5775.0s audio, 97.6s wall
[progress] segment end=5837.2s audio, 101.0s wall
[progress] segment end=5901.0s audio, 105.0s wall
[progress] segment end=5968.5s audio, 108.4s wall
[progress] segment end=6029.6s audio, 111.6s wall
[progress] segment end=6092.6s audio, 116.5s wall
[progress] segment end=6153.3s audio, 118.1s wall
[progress] segment end=6213.6s audio, 120.9s wall
[progress] segment end=6274.3s audio, 123.8s wall
[progress] segment end=6334.8s audio, 126.6s wall
[progress] segment end=6395.8s audio, 130.1s wall
[progress] segment end=6459.4s audio, 133.3s wall
[progress] segment end=6520.5s audio, 138.2s wall
[progress] segment end=6581.9s audio, 143.5s wall
[done] D:\Development\Personal\VerseSync\spikes\word_timestamps\transcripts\large-v3_vadon_promptnone_condtrue.json — 5693 words, 146.4s wall (48.40x realtime)
[run_all 06:51:42] DONE transcribe large-v3_vadon_promptnone_condtrue in 153s
[run_all 06:51:42] RUN score large-v3_vadon_promptnone_condtrue ...
[run_all 06:51:43] RUN transcribe large-v3_vadoff_promptnone_condtrue ...
[info] loading model=large-v3 device=cuda compute_type=float16
[info] model loaded in 4.3s
[info] transcribing D:/Development/Personal/VerseSync/assets/test/03-Pastor Lapel-260927_0935.wav
[progress] segment end=60.2s audio, 18.6s wall
[progress] segment end=120.2s audio, 19.0s wall
[progress] segment end=210.2s audio, 19.6s wall
[progress] segment end=300.2s audio, 20.3s wall
[progress] segment end=390.2s audio, 20.9s wall
[progress] segment end=480.2s audio, 21.4s wall
[progress] segment end=570.2s audio, 22.1s wall
[progress] segment end=660.2s audio, 22.7s wall
[progress] segment end=750.2s audio, 23.2s wall
[progress] segment end=840.2s audio, 23.8s wall
[progress] segment end=930.2s audio, 24.4s wall
[progress] segment end=1020.2s audio, 25.0s wall
[progress] segment end=1080.2s audio, 25.4s wall
[progress] segment end=1170.2s audio, 26.0s wall
[progress] segment end=1260.2s audio, 26.6s wall
[progress] segment end=1350.2s audio, 27.1s wall
[progress] segment end=1440.2s audio, 27.7s wall
[progress] segment end=1530.2s audio, 28.3s wall
[progress] segment end=1620.2s audio, 28.9s wall
[progress] segment end=1710.2s audio, 29.5s wall
[progress] segment end=1800.2s audio, 30.1s wall
[progress] segment end=1890.2s audio, 30.8s wall
[progress] segment end=1980.2s audio, 31.4s wall
[progress] segment end=2070.2s audio, 32.0s wall
[progress] segment end=2160.2s audio, 32.6s wall
[progress] segment end=2250.2s audio, 33.2s wall
[progress] segment end=2340.2s audio, 33.9s wall
[progress] segment end=2430.2s audio, 34.5s wall
[progress] segment end=2520.2s audio, 35.1s wall
[progress] segment end=2610.2s audio, 35.7s wall
[progress] segment end=2700.2s audio, 36.3s wall
[progress] segment end=2790.2s audio, 37.0s wall
[progress] segment end=2880.2s audio, 37.6s wall
[progress] segment end=2970.2s audio, 38.2s wall
[progress] segment end=3060.2s audio, 38.8s wall
[progress] segment end=3150.2s audio, 39.4s wall
[progress] segment end=3240.2s audio, 40.0s wall
[progress] segment end=3330.2s audio, 40.7s wall
[progress] segment end=3420.2s audio, 41.3s wall
[progress] segment end=3510.2s audio, 41.9s wall
[progress] segment end=3600.2s audio, 42.5s wall
[progress] segment end=3690.2s audio, 43.1s wall
[progress] segment end=3780.2s audio, 43.8s wall
[progress] segment end=3870.2s audio, 44.4s wall
[progress] segment end=3960.2s audio, 45.0s wall
[progress] segment end=4050.2s audio, 45.6s wall
[progress] segment end=4110.2s audio, 46.0s wall
[progress] segment end=4200.2s audio, 46.7s wall
[progress] segment end=4290.2s audio, 47.3s wall
[progress] segment end=4380.2s audio, 47.9s wall
[progress] segment end=4470.2s audio, 48.5s wall
[progress] segment end=4530.2s audio, 50.6s wall
[progress] segment end=4591.2s audio, 54.7s wall
[progress] segment end=4651.3s audio, 58.5s wall
[progress] segment end=4714.3s audio, 61.8s wall
[progress] segment end=4775.6s audio, 65.3s wall
[progress] segment end=4836.7s audio, 68.7s wall
[progress] segment end=4900.0s audio, 72.3s wall
[progress] segment end=4961.5s audio, 75.4s wall
[progress] segment end=5024.1s audio, 78.7s wall
[progress] segment end=5085.2s audio, 82.7s wall
[progress] segment end=5146.9s audio, 86.5s wall
[progress] segment end=5208.9s audio, 89.9s wall
[progress] segment end=5270.0s audio, 94.5s wall
[progress] segment end=5330.7s audio, 98.0s wall
[progress] segment end=5393.8s audio, 101.3s wall
[progress] segment end=5456.1s audio, 106.9s wall
[progress] segment end=5516.5s audio, 111.7s wall
[progress] segment end=5576.8s audio, 116.3s wall
[progress] segment end=5639.3s audio, 119.7s wall
[progress] segment end=5700.1s audio, 122.6s wall
[progress] segment end=5761.0s audio, 126.4s wall
[progress] segment end=5824.5s audio, 129.5s wall
[progress] segment end=5884.8s audio, 133.5s wall
[progress] segment end=5945.1s audio, 137.0s wall
[progress] segment end=6008.4s audio, 140.3s wall
[progress] segment end=6069.9s audio, 143.7s wall
[progress] segment end=6131.3s audio, 147.2s wall
[progress] segment end=6192.2s audio, 150.4s wall
[progress] segment end=6253.4s audio, 154.7s wall
[progress] segment end=6318.6s audio, 157.3s wall
[progress] segment end=6381.2s audio, 160.7s wall
[progress] segment end=6442.6s audio, 164.1s wall
[progress] segment end=6503.3s audio, 167.4s wall
[progress] segment end=6567.2s audio, 171.8s wall
[progress] segment end=6640.4s audio, 176.7s wall
[progress] segment end=6730.4s audio, 177.4s wall
[progress] segment end=6820.4s audio, 178.0s wall
[progress] segment end=6910.4s audio, 178.7s wall
[progress] segment end=7000.4s audio, 179.4s wall
[progress] segment end=7067.1s audio, 183.0s wall
[done] D:\Development\Personal\VerseSync\spikes\word_timestamps\transcripts\large-v3_vadoff_promptnone_condtrue.json — 5822 words, 183.2s wall (38.67x realtime)
[run_all 06:54:53] DONE transcribe large-v3_vadoff_promptnone_condtrue in 190s
[run_all 06:54:53] RUN score large-v3_vadoff_promptnone_condtrue ...
[run_all 06:54:53] RUN transcribe large-v3-turbo_vadon_promptnone_condtrue ...
[info] loading model=large-v3-turbo device=cuda compute_type=float16
[info] model loaded in 3.4s
[info] transcribing D:/Development/Personal/VerseSync/assets/test/03-Pastor Lapel-260927_0935.wav
[progress] segment end=4537.5s audio, 19.4s wall
[progress] segment end=4598.3s audio, 20.6s wall
[progress] segment end=4661.6s audio, 21.7s wall
[progress] segment end=4722.4s audio, 22.8s wall
[progress] segment end=4782.8s audio, 24.3s wall
[progress] segment end=4844.5s audio, 25.6s wall
[progress] segment end=4905.2s audio, 26.6s wall
[progress] segment end=4966.7s audio, 28.0s wall
[progress] segment end=5027.5s audio, 29.1s wall
[progress] segment end=5088.4s audio, 30.3s wall
[progress] segment end=5148.5s audio, 31.5s wall
[progress] segment end=5209.3s audio, 32.7s wall
[progress] segment end=5274.9s audio, 33.8s wall
[progress] segment end=5337.0s audio, 35.5s wall
[progress] segment end=5397.2s audio, 36.5s wall
[progress] segment end=5459.3s audio, 37.4s wall
[progress] segment end=5519.7s audio, 38.4s wall
[progress] segment end=5579.8s audio, 39.9s wall
[progress] segment end=5640.4s audio, 41.0s wall
[progress] segment end=5700.9s audio, 41.9s wall
[progress] segment end=5761.1s audio, 43.4s wall
[progress] segment end=5824.6s audio, 45.2s wall
[progress] segment end=5884.8s audio, 46.4s wall
[progress] segment end=5945.2s audio, 47.8s wall
[progress] segment end=6005.7s audio, 49.2s wall
[progress] segment end=6066.3s audio, 50.8s wall
[progress] segment end=6127.4s audio, 52.2s wall
[progress] segment end=6187.7s audio, 54.4s wall
[progress] segment end=6249.1s audio, 55.2s wall
[progress] segment end=6309.1s audio, 57.1s wall
[progress] segment end=6369.3s audio, 59.1s wall
[progress] segment end=6430.5s audio, 60.7s wall
[progress] segment end=6491.5s audio, 62.3s wall
[progress] segment end=6551.9s audio, 64.5s wall
[progress] segment end=6612.1s audio, 66.5s wall
[done] D:\Development\Personal\VerseSync\spikes\word_timestamps\transcripts\large-v3-turbo_vadon_promptnone_condtrue.json — 5669 words, 66.5s wall (106.53x realtime)
[run_all 06:56:05] DONE transcribe large-v3-turbo_vadon_promptnone_condtrue in 71s
[run_all 06:56:05] RUN score large-v3-turbo_vadon_promptnone_condtrue ...
[run_all 06:56:05] RUN transcribe large-v3-turbo_vadoff_promptnone_condtrue ...
[info] loading model=large-v3-turbo device=cuda compute_type=float16
[info] model loaded in 2.3s
[info] transcribing D:/Development/Personal/VerseSync/assets/test/03-Pastor Lapel-260927_0935.wav
[progress] segment end=60.6s audio, 12.4s wall
[progress] segment end=150.6s audio, 13.4s wall
[progress] segment end=211.5s audio, 14.9s wall
[progress] segment end=293.4s audio, 17.2s wall
[progress] segment end=373.2s audio, 18.1s wall
[progress] segment end=433.9s audio, 19.8s wall
[progress] segment end=494.7s audio, 22.6s wall
[progress] segment end=555.0s audio, 25.4s wall
[progress] segment end=615.4s audio, 27.7s wall
[progress] segment end=685.3s audio, 30.7s wall
[progress] segment end=745.4s audio, 34.2s wall
[progress] segment end=806.6s audio, 38.1s wall
[progress] segment end=868.1s audio, 40.4s wall
[progress] segment end=934.2s audio, 43.3s wall
[progress] segment end=998.1s audio, 46.9s wall
[progress] segment end=1058.2s audio, 50.2s wall
[progress] segment end=1119.2s audio, 52.6s wall
[progress] segment end=1179.4s audio, 56.0s wall
[progress] segment end=1249.2s audio, 58.9s wall
[progress] segment end=1309.3s audio, 62.5s wall
[progress] segment end=1370.3s audio, 64.8s wall
[progress] segment end=1436.4s audio, 67.6s wall
[progress] segment end=1496.5s audio, 71.1s wall
[progress] segment end=1557.5s audio, 73.4s wall
[progress] segment end=1617.6s audio, 77.4s wall
[progress] segment end=1678.8s audio, 80.9s wall
[progress] segment end=1739.2s audio, 83.2s wall
[progress] segment end=1800.0s audio, 86.7s wall
[progress] segment end=1860.3s audio, 89.1s wall
[progress] segment end=1921.1s audio, 92.5s wall
[progress] segment end=1981.5s audio, 94.8s wall
[progress] segment end=2046.6s audio, 98.2s wall
[progress] segment end=2108.3s audio, 101.1s wall
[progress] segment end=2168.4s audio, 104.6s wall
[progress] segment end=2233.8s audio, 106.8s wall
[progress] segment end=2295.5s audio, 109.7s wall
[progress] segment end=2365.9s audio, 112.6s wall
[progress] segment end=2426.4s audio, 116.7s wall
[progress] segment end=2487.2s audio, 120.0s wall
[progress] segment end=2557.6s audio, 122.8s wall
[progress] segment end=2617.7s audio, 126.3s wall
[progress] segment end=2678.8s audio, 128.6s wall
[progress] segment end=2738.9s audio, 131.9s wall
[progress] segment end=2799.9s audio, 134.2s wall
[progress] segment end=2860.4s audio, 138.2s wall
[progress] segment end=2929.9s audio, 140.5s wall
[progress] segment end=2990.0s audio, 144.0s wall
[progress] segment end=3059.8s audio, 146.7s wall
[progress] segment end=3121.5s audio, 149.6s wall
[progress] segment end=3191.9s audio, 152.4s wall
[progress] segment end=3252.4s audio, 156.5s wall
[progress] segment end=3313.2s audio, 159.8s wall
[progress] segment end=3383.6s audio, 162.7s wall
[progress] segment end=3443.8s audio, 166.2s wall
[progress] segment end=3504.8s audio, 168.5s wall
[progress] segment end=3564.9s audio, 171.8s wall
[progress] segment end=3625.9s audio, 174.1s wall
[progress] segment end=3686.4s audio, 178.1s wall
[progress] segment end=3755.9s audio, 180.4s wall
[progress] segment end=3816.0s audio, 183.9s wall
[progress] segment end=3885.8s audio, 186.6s wall
[progress] segment end=3947.6s audio, 189.5s wall
[progress] segment end=4018.0s audio, 192.4s wall
[progress] segment end=4078.5s audio, 196.5s wall
[progress] segment end=4139.3s audio, 199.7s wall
[progress] segment end=4209.7s audio, 202.6s wall
[progress] segment end=4269.8s audio, 206.2s wall
[progress] segment end=4330.8s audio, 208.5s wall
[progress] segment end=4390.9s audio, 211.8s wall
[progress] segment end=4451.9s audio, 214.1s wall
[progress] segment end=4525.9s audio, 218.1s wall
[progress] segment end=4586.0s audio, 223.9s wall
[progress] segment end=4646.8s audio, 229.7s wall
[progress] segment end=4707.3s audio, 235.2s wall
[progress] segment end=4768.2s audio, 240.0s wall
[progress] segment end=4828.4s audio, 246.1s wall
[progress] segment end=4888.8s audio, 250.9s wall
[progress] segment end=4950.7s audio, 256.2s wall
[progress] segment end=5010.8s audio, 261.3s wall
[progress] segment end=5072.0s audio, 266.0s wall
[progress] segment end=5132.1s audio, 271.9s wall
[progress] segment end=5193.0s audio, 276.6s wall
[progress] segment end=5254.8s audio, 281.2s wall
[progress] segment end=5314.9s audio, 285.9s wall
[progress] segment end=5374.9s audio, 291.2s wall
[progress] segment end=5435.0s audio, 296.5s wall
[progress] segment end=5495.3s audio, 301.0s wall
[progress] segment end=5556.1s audio, 306.2s wall
[progress] segment end=5617.5s audio, 310.9s wall
[progress] segment end=5678.1s audio, 315.5s wall
[progress] segment end=5738.2s audio, 320.1s wall
[progress] segment end=5799.2s audio, 325.3s wall
[progress] segment end=5859.5s audio, 330.4s wall
[progress] segment end=5919.9s audio, 335.5s wall
[progress] segment end=5980.2s audio, 340.1s wall
[progress] segment end=6041.0s audio, 344.7s wall
[progress] segment end=6101.3s audio, 350.0s wall
[progress] segment end=6161.3s audio, 354.7s wall
[progress] segment end=6222.9s audio, 358.8s wall
[progress] segment end=6283.2s audio, 363.5s wall
[progress] segment end=6343.5s audio, 367.0s wall
[progress] segment end=6404.8s audio, 372.2s wall
[progress] segment end=6465.3s audio, 377.9s wall
[progress] segment end=6525.7s audio, 383.9s wall
[progress] segment end=6586.8s audio, 390.5s wall
[progress] segment end=6659.6s audio, 393.0s wall
[progress] segment end=6725.0s audio, 395.2s wall
[progress] segment end=6785.1s audio, 398.5s wall
[progress] segment end=6846.1s audio, 400.8s wall
[progress] segment end=6906.3s audio, 404.2s wall
[progress] segment end=6967.3s audio, 406.5s wall
[progress] segment end=7027.8s audio, 410.5s wall
[done] D:\Development\Personal\VerseSync\spikes\word_timestamps\transcripts\large-v3-turbo_vadoff_promptnone_condtrue.json — 8852 words, 413.9s wall (17.11x realtime)
[run_all 07:03:03] DONE transcribe large-v3-turbo_vadoff_promptnone_condtrue in 418s
[run_all 07:03:03] RUN score large-v3-turbo_vadoff_promptnone_condtrue ...
[run_all 07:03:03] RUN transcribe distil-large-v3_vadon_promptnone_condtrue ...
[info] loading model=distil-large-v3 device=cuda compute_type=float16
[info] model loaded in 2.9s
[info] transcribing D:/Development/Personal/VerseSync/assets/test/03-Pastor Lapel-260927_0935.wav
[progress] segment end=4539.3s audio, 16.5s wall
[progress] segment end=4601.1s audio, 17.4s wall
[progress] segment end=4661.7s audio, 18.2s wall
[progress] segment end=4722.5s audio, 19.0s wall
[progress] segment end=4782.8s audio, 19.8s wall
[progress] segment end=4842.9s audio, 20.7s wall
[progress] segment end=4906.4s audio, 21.5s wall
[progress] segment end=4966.7s audio, 22.2s wall
[progress] segment end=5028.2s audio, 23.0s wall
[progress] segment end=5090.7s audio, 23.9s wall
[progress] segment end=5161.4s audio, 24.6s wall
[progress] segment end=5228.5s audio, 25.4s wall
[progress] segment end=5290.2s audio, 26.2s wall
[progress] segment end=5352.3s audio, 27.0s wall
[progress] segment end=5418.3s audio, 27.7s wall
[progress] segment end=5483.9s audio, 28.4s wall
[progress] segment end=5544.2s audio, 29.1s wall
[progress] segment end=5605.1s audio, 29.8s wall
[progress] segment end=5668.5s audio, 30.5s wall
[progress] segment end=5730.6s audio, 31.5s wall
[progress] segment end=5795.1s audio, 32.3s wall
[progress] segment end=5859.2s audio, 33.0s wall
[progress] segment end=5919.9s audio, 33.7s wall
[progress] segment end=5981.0s audio, 34.6s wall
[progress] segment end=6041.2s audio, 35.4s wall
[progress] segment end=6104.8s audio, 36.1s wall
[progress] segment end=6164.9s audio, 36.8s wall
[progress] segment end=6229.6s audio, 37.4s wall
[progress] segment end=6290.2s audio, 38.1s wall
[progress] segment end=6352.5s audio, 38.9s wall
[progress] segment end=6418.5s audio, 39.7s wall
[progress] segment end=6483.9s audio, 40.4s wall
[progress] segment end=6543.9s audio, 41.2s wall
[progress] segment end=6606.7s audio, 42.0s wall
[done] D:\Development\Personal\VerseSync\spikes\word_timestamps\transcripts\distil-large-v3_vadon_promptnone_condtrue.json — 5657 words, 42.2s wall (167.75x realtime)
[run_all 07:03:50] DONE transcribe distil-large-v3_vadon_promptnone_condtrue in 47s
[run_all 07:03:50] RUN score distil-large-v3_vadon_promptnone_condtrue ...
[run_all 07:03:50] RUN transcribe distil-large-v3_vadoff_promptnone_condtrue ...
[info] loading model=distil-large-v3 device=cuda compute_type=float16
[info] model loaded in 1.9s
[info] transcribing D:/Development/Personal/VerseSync/assets/test/03-Pastor Lapel-260927_0935.wav
[progress] segment end=84.9s audio, 12.4s wall
[progress] segment end=174.9s audio, 12.8s wall
[progress] segment end=264.9s audio, 13.2s wall
[progress] segment end=330.0s audio, 13.4s wall
[progress] segment end=392.0s audio, 13.8s wall
[progress] segment end=481.3s audio, 18.9s wall
[progress] segment end=552.3s audio, 20.3s wall
[progress] segment end=622.0s audio, 21.5s wall
[progress] segment end=682.5s audio, 24.8s wall
[progress] segment end=743.5s audio, 31.0s wall
[progress] segment end=804.5s audio, 37.3s wall
[progress] segment end=865.5s audio, 43.6s wall
[progress] segment end=926.5s audio, 49.9s wall
[progress] segment end=987.5s audio, 56.2s wall
[progress] segment end=1048.5s audio, 62.5s wall
[progress] segment end=1109.5s audio, 68.8s wall
[progress] segment end=1170.5s audio, 75.1s wall
[progress] segment end=1231.5s audio, 81.5s wall
[progress] segment end=1292.5s audio, 87.8s wall
[progress] segment end=1353.5s audio, 94.1s wall
[progress] segment end=1414.5s audio, 100.4s wall
[progress] segment end=1475.5s audio, 106.7s wall
[progress] segment end=1536.5s audio, 113.1s wall
[progress] segment end=1597.5s audio, 119.4s wall
[progress] segment end=1658.5s audio, 125.7s wall
[progress] segment end=1719.5s audio, 132.1s wall
[progress] segment end=1780.5s audio, 138.5s wall
[progress] segment end=1841.5s audio, 144.8s wall
[progress] segment end=1902.5s audio, 151.2s wall
[progress] segment end=1963.5s audio, 157.5s wall
[progress] segment end=2024.5s audio, 163.8s wall
[progress] segment end=2085.5s audio, 170.2s wall
[progress] segment end=2146.5s audio, 176.6s wall
[progress] segment end=2207.5s audio, 182.9s wall
[progress] segment end=2268.5s audio, 189.3s wall
[progress] segment end=2329.5s audio, 195.6s wall
[progress] segment end=2390.5s audio, 202.0s wall
[progress] segment end=2451.5s audio, 208.3s wall
[progress] segment end=2512.5s audio, 214.7s wall
[progress] segment end=2573.5s audio, 221.0s wall
[progress] segment end=2634.5s audio, 227.3s wall
[progress] segment end=2695.5s audio, 233.7s wall
[progress] segment end=2756.5s audio, 240.0s wall
[progress] segment end=2817.5s audio, 246.3s wall
[progress] segment end=2878.5s audio, 252.7s wall
[progress] segment end=2939.5s audio, 259.0s wall
[progress] segment end=3000.5s audio, 265.3s wall
[progress] segment end=3061.5s audio, 271.7s wall
[progress] segment end=3122.5s audio, 278.0s wall
[progress] segment end=3183.5s audio, 284.4s wall
[progress] segment end=3244.5s audio, 290.7s wall
[progress] segment end=3305.5s audio, 297.1s wall
[progress] segment end=3366.5s audio, 303.4s wall
[progress] segment end=3427.5s audio, 309.8s wall
[progress] segment end=3488.5s audio, 316.1s wall
[progress] segment end=3549.5s audio, 322.4s wall
[progress] segment end=3610.5s audio, 328.8s wall
[progress] segment end=3671.5s audio, 335.1s wall
[progress] segment end=3732.5s audio, 341.5s wall
[progress] segment end=3793.5s audio, 347.8s wall
[progress] segment end=3854.5s audio, 354.2s wall
[progress] segment end=3915.5s audio, 360.6s wall
[progress] segment end=3976.5s audio, 367.0s wall
[progress] segment end=4037.5s audio, 373.6s wall
[progress] segment end=4098.5s audio, 379.9s wall
[progress] segment end=4159.5s audio, 386.2s wall
[progress] segment end=4220.5s audio, 392.6s wall
[progress] segment end=4281.5s audio, 399.3s wall
[progress] segment end=4342.5s audio, 405.6s wall
[progress] segment end=4403.5s audio, 412.0s wall
[progress] segment end=4464.5s audio, 418.5s wall
[progress] segment end=4532.9s audio, 422.7s wall
[progress] segment end=4595.5s audio, 424.2s wall
[progress] segment end=4656.6s audio, 425.1s wall
[progress] segment end=4717.5s audio, 425.9s wall
[progress] segment end=4778.4s audio, 426.7s wall
[progress] segment end=4838.6s audio, 427.5s wall
[progress] segment end=4906.1s audio, 428.3s wall
[progress] segment end=4966.2s audio, 429.0s wall
[progress] segment end=5032.9s audio, 429.9s wall
[progress] segment end=5093.5s audio, 430.8s wall
[progress] segment end=5154.4s audio, 431.6s wall
[progress] segment end=5218.0s audio, 432.3s wall
[progress] segment end=5279.5s audio, 433.0s wall
[progress] segment end=5342.2s audio, 434.1s wall
[progress] segment end=5405.7s audio, 434.9s wall
[progress] segment end=5468.0s audio, 435.6s wall
[progress] segment end=5529.0s audio, 436.4s wall
[progress] segment end=5595.5s audio, 437.2s wall
[progress] segment end=5658.3s audio, 437.9s wall
[progress] segment end=5720.4s audio, 438.7s wall
[progress] segment end=5780.5s audio, 439.4s wall
[progress] segment end=5844.3s audio, 440.1s wall
[progress] segment end=5906.6s audio, 440.8s wall
[progress] segment end=5973.6s audio, 442.0s wall
[progress] segment end=6035.7s audio, 442.6s wall
[progress] segment end=6098.0s audio, 443.4s wall
[progress] segment end=6164.8s audio, 444.0s wall
[progress] segment end=6225.2s audio, 445.4s wall
[progress] segment end=6287.9s audio, 446.0s wall
[progress] segment end=6350.0s audio, 446.6s wall
[progress] segment end=6416.9s audio, 447.6s wall
[progress] segment end=6482.3s audio, 448.3s wall
[progress] segment end=6543.9s audio, 449.1s wall
[progress] segment end=6604.5s audio, 450.0s wall
[progress] segment end=6670.1s audio, 450.4s wall
[progress] segment end=6760.1s audio, 450.8s wall
[progress] segment end=6855.1s audio, 451.2s wall
[progress] segment end=6917.2s audio, 451.5s wall
[progress] segment end=7035.1s audio, 451.9s wall
[done] D:\Development\Personal\VerseSync\spikes\word_timestamps\transcripts\distil-large-v3_vadoff_promptnone_condtrue.json — 8966 words, 452.2s wall (15.67x realtime)
[run_all 07:11:25] DONE transcribe distil-large-v3_vadoff_promptnone_condtrue in 455s
[run_all 07:11:25] RUN score distil-large-v3_vadoff_promptnone_condtrue ...
[run_all 07:11:25] BASE MATRIX WINNER: distil-large-v3_vadon_promptnone_condtrue p50=0.6199999999998909 p90=5.792000000000371
[run_all 07:11:25] SKIP transcribe distil-large-v3_vadon_promptnone_condtrue (already exists)
[run_all 07:11:25] SKIP score distil-large-v3_vadon_promptnone_condtrue (already exists)
[run_all 07:11:26] RUN transcribe distil-large-v3_vadon_promptscripture_condtrue ...
[info] initial_prompt ~103 words (budget: 224 tokens)
[info] loading model=distil-large-v3 device=cuda compute_type=float16
[info] model loaded in 2.8s
[info] transcribing D:/Development/Personal/VerseSync/assets/test/03-Pastor Lapel-260927_0935.wav
[progress] segment end=4537.5s audio, 15.7s wall
[progress] segment end=4598.4s audio, 16.7s wall
[progress] segment end=4661.7s audio, 17.5s wall
[progress] segment end=4722.5s audio, 18.3s wall
[progress] segment end=4785.7s audio, 19.1s wall
[progress] segment end=4847.7s audio, 19.7s wall
[progress] segment end=4908.8s audio, 20.6s wall
[progress] segment end=4969.4s audio, 21.4s wall
[progress] segment end=5032.9s audio, 22.2s wall
[progress] segment end=5097.6s audio, 23.1s wall
[progress] segment end=5158.4s audio, 23.9s wall
[progress] segment end=5220.1s audio, 24.7s wall
[progress] segment end=5284.3s audio, 25.4s wall
[progress] segment end=5350.2s audio, 26.2s wall
[progress] segment end=5413.3s audio, 27.0s wall
[progress] segment end=5476.9s audio, 27.7s wall
[progress] segment end=5539.0s audio, 28.4s wall
[progress] segment end=5601.5s audio, 29.1s wall
[progress] segment end=5668.5s audio, 29.8s wall
[progress] segment end=5732.1s audio, 30.5s wall
[progress] segment end=5794.1s audio, 31.3s wall
[progress] segment end=5856.1s audio, 32.0s wall
[progress] segment end=5917.8s audio, 32.8s wall
[progress] segment end=5980.3s audio, 33.6s wall
[progress] segment end=6042.4s audio, 34.4s wall
[progress] segment end=6104.8s audio, 35.1s wall
[progress] segment end=6168.8s audio, 35.8s wall
[progress] segment end=6232.6s audio, 36.4s wall
[progress] segment end=6294.5s audio, 37.4s wall
[progress] segment end=6356.4s audio, 37.7s wall
[progress] segment end=6417.6s audio, 38.5s wall
[progress] segment end=6480.0s audio, 39.2s wall
[progress] segment end=6543.9s audio, 40.4s wall
[progress] segment end=6605.7s audio, 41.3s wall
[done] D:\Development\Personal\VerseSync\spikes\word_timestamps\transcripts\distil-large-v3_vadon_promptscripture_condtrue.json — 5656 words, 41.3s wall (171.45x realtime)
[run_all 07:12:11] DONE transcribe distil-large-v3_vadon_promptscripture_condtrue in 46s
[run_all 07:12:11] RUN score distil-large-v3_vadon_promptscripture_condtrue ...
[run_all 07:12:12] PROMPT A/B mishearing totals: {'none': 0, 'scripture': 0}
[run_all 07:12:12] CHOSEN PROMPT: scripture
[run_all 07:12:12] SKIP transcribe distil-large-v3_vadon_promptscripture_condtrue (already exists)
[run_all 07:12:12] SKIP score distil-large-v3_vadon_promptscripture_condtrue (already exists)
[run_all 07:12:12] RUN transcribe distil-large-v3_vadon_promptscripture_condfalse ...
[info] initial_prompt ~103 words (budget: 224 tokens)
[info] loading model=distil-large-v3 device=cuda compute_type=float16
[info] model loaded in 1.9s
[info] transcribing D:/Development/Personal/VerseSync/assets/test/03-Pastor Lapel-260927_0935.wav
[progress] segment end=4537.5s audio, 14.3s wall
[progress] segment end=4598.4s audio, 15.3s wall
[progress] segment end=4660.6s audio, 16.1s wall
[progress] segment end=4720.9s audio, 16.9s wall
[progress] segment end=4782.8s audio, 17.7s wall
[progress] segment end=4846.0s audio, 18.6s wall
[progress] segment end=4906.4s audio, 19.3s wall
[progress] segment end=4966.7s audio, 20.0s wall
[progress] segment end=5029.1s audio, 20.7s wall
[progress] segment end=5093.5s audio, 21.4s wall
[progress] segment end=5154.9s audio, 22.2s wall
[progress] segment end=5217.9s audio, 23.0s wall
[progress] segment end=5279.5s audio, 23.7s wall
[progress] segment end=5342.9s audio, 24.4s wall
[progress] segment end=5403.4s audio, 25.1s wall
[progress] segment end=5465.5s audio, 25.8s wall
[progress] segment end=5534.1s audio, 26.8s wall
[progress] segment end=5594.3s audio, 27.6s wall
[progress] segment end=5658.3s audio, 28.4s wall
[progress] segment end=5725.0s audio, 29.1s wall
[progress] segment end=5788.6s audio, 29.8s wall
[progress] segment end=5850.0s audio, 30.5s wall
[progress] segment end=5912.2s audio, 31.2s wall
[progress] segment end=5979.2s audio, 31.8s wall
[progress] segment end=6042.4s audio, 32.5s wall
[progress] segment end=6104.8s audio, 33.3s wall
[progress] segment end=6167.8s audio, 33.8s wall
[progress] segment end=6229.6s audio, 34.5s wall
[progress] segment end=6290.1s audio, 35.2s wall
[progress] segment end=6352.5s audio, 35.9s wall
[progress] segment end=6416.7s audio, 36.6s wall
[progress] segment end=6480.9s audio, 37.3s wall
[progress] segment end=6543.6s audio, 38.2s wall
[progress] segment end=6605.1s audio, 39.3s wall
[done] D:\Development\Personal\VerseSync\spikes\word_timestamps\transcripts\distil-large-v3_vadon_promptscripture_condfalse.json — 5622 words, 39.6s wall (178.73x realtime)
[run_all 07:12:54] DONE transcribe distil-large-v3_vadon_promptscripture_condfalse in 42s
[run_all 07:12:54] RUN score distil-large-v3_vadon_promptscripture_condfalse ...
[run_all 07:12:54] CONDITION A/B repetition-loop counts: {True: 0, False: 0}
[run_all 07:12:54] CHOSEN condition_on_previous_text: True
[run_all 07:12:54] WROTE D:\Development\Personal\VerseSync\spikes\word_timestamps\all_results_summary.json
[run_all 07:12:54] ALL DONE
